C51 COMPILER V9.02   DELAY                                                                 02/12/2015 12:19:18 PAGE 1   


C51 COMPILER V9.02, COMPILATION OF MODULE DELAY
OBJECT MODULE PLACED IN delay.OBJ
COMPILER INVOKED BY: C:\Keil\C51\BIN\C51.EXE delay.c BROWSE DEBUG OBJECTEXTEND

line level    source

   1          void delay(int x)               ///delay mystyle....
   2          {
   3   1      int i;
   4   1      unsigned char j;
   5   1      for(i=0;i<x;i++)
   6   1              {for(j=0;j<10;j++);}
   7   1      }
   8          
   9          void delay_ms(int y)
  10          {
  11   1      int i,j;
  12   1      for(i=0;i<=y;i++)
  13   1      {
  14   2              for(j=0;j<=114;j++);
  15   2      }
  16   1      }
  17           /*
  18          void delay_us(int z)
  19          {
  20                  int i;
  21                  for(i=0;i<=z;i++);
  22          } */


MODULE INFORMATION:   STATIC OVERLAYABLE
   CODE SIZE        =     68    ----
   CONSTANT SIZE    =   ----    ----
   XDATA SIZE       =   ----    ----
   PDATA SIZE       =   ----    ----
   DATA SIZE        =   ----    ----
   IDATA SIZE       =   ----    ----
   BIT SIZE         =   ----    ----
END OF MODULE INFORMATION.


C51 COMPILATION COMPLETE.  0 WARNING(S),  0 ERROR(S)
