C51 COMPILER V9.02   SPI                                                                   12/23/2014 12:18:01 PAGE 1   


C51 COMPILER V9.02, COMPILATION OF MODULE SPI
OBJECT MODULE PLACED IN .\spi.obj
COMPILER INVOKED BY: C:\Keil\C51\BIN\C51.EXE ..\finaldemo\spi.c BROWSE DEBUG OBJECTEXTEND PRINT(.\spi.lst) OBJECT(.\spi.
                    -obj)

line level    source

   1          #include<P89v51Rx2.h>
   2          
   3          int spiWrite(int sendbyte)                                        //////SPI command dont kow wheather works or not...:D
   4          {       SPDAT=sendbyte;
   5   1              while((SPCFG & 0x80)!= 0x80);
   6   1              SPCFG=0x00;
   7   1              return(SPDAT);
   8   1      }
   9          


MODULE INFORMATION:   STATIC OVERLAYABLE
   CODE SIZE        =     14    ----
   CONSTANT SIZE    =   ----    ----
   XDATA SIZE       =   ----    ----
   PDATA SIZE       =   ----    ----
   DATA SIZE        =   ----    ----
   IDATA SIZE       =   ----    ----
   BIT SIZE         =   ----    ----
END OF MODULE INFORMATION.


C51 COMPILATION COMPLETE.  0 WARNING(S),  0 ERROR(S)
